
> cni-koshi@0.1.0 build
> next build

   Γû▓ Next.js 15.0.7
   - Environments: .env

   Creating an optimized production build ...
 Γ£ô Compiled successfully
   Skipping linting
   Checking validity of types ...
node.exe : Failed to 
compile.
At line:1 char:1
+ & "C:\Program 
Files\nodejs/node.exe" 
"C:\Users\Asus 
TUF\AppData\Roami ...
+ ~~~~~~~~~~~~~~~~~~~~~~~~~~
~~~~~~~~~~~~~~~~~~~~~~~~~~~~
~~~~~~~~~~~~~~~
    + CategoryInfo          
    : NotSpecified: (Faile  
  d to compile.:String) [   
 ], RemoteException
    + FullyQualifiedErrorId 
    : NativeCommandError
 

.next/types/app/organization
s/other/[slug]/news/[newsId]
/page.ts:2:24
Type error: File 'E:/CNI Kos
hi/cni-koshi/app/organizatio
ns/other/[slug]/news/[newsId
]/page.tsx' is not a module.

[0m [90m 1 |[39m [90m// 
File: E:\CNI Koshi\cni-koshi
\app\organizations\other\[sl
ug]\news\[newsId]\page.tsx[
39m[0m
[0m[31m[1m>[22m[39m[90
m 2 |[39m [36mimport[39m 
[33m*[39m [36mas[39m 
entry [36mfrom[39m [32m'.
./../../../../../../../app/o
rganizations/other/[slug]/ne
ws/[newsId]/page.js'[39m[0
m
[0m [90m   |[39m         
               
[31m[1m^[22m[39m[0m
[0m [90m 3 |[39m 
[36mimport[39m type { [33
mResolvingMetadata[39m[33m
,[39m 
[33mResolvingViewport[39m 
} [36mfrom[39m [32m'next/
dist/lib/metadata/types/meta
data-interface.js'[39m[0m
[0m [90m 4 |[39m[0m
[0m [90m 5 |[39m type 
[33mTEntry[39m 
[33m=[39m 
[36mtypeof[39m [36mimport
[39m([32m'../../../../../.
./../../app/organizations/ot
her/[slug]/news/[newsId]/pag
e.js'[39m)[0m
